<html>
<body>
<pre>
<h1>µVision Build Log</h1>
<h2>Tool Versions:</h2>
IDE-Version: ¦ÌVision V5.21.1.0
Copyright (C) 2016 ARM Ltd and ARM Germany GmbH. All rights reserved.
License Information: fd dfd, fdf, LIC=LJWFW-QX2PX-LT73E-5T3RN-EHBE4-H78SE
 
Tool Versions:
Toolchain:       MDK-ARM Professional  Version: 5.21a
Toolchain Path:  C:\Keil_v5\ARM\ARMCC\Bin
C Compiler:      Armcc.exe V5.06 update 3 (build 300)
Assembler:       Armasm.exe V5.06 update 3 (build 300)
Linker/Locator:  ArmLink.exe V5.06 update 3 (build 300)
Library Manager: ArmAr.exe V5.06 update 3 (build 300)
Hex Converter:   FromElf.exe V5.06 update 3 (build 300)
CPU DLL:         SARMCM3.DLL V5.21a
Dialog DLL:      DARMSTM.DLL V1.66.0.1
Target DLL:      Segger\JL2CM3.dll V2.99.16.0
Dialog DLL:      TARMSTM.DLL V1.65.0.0
 
<h2>Project:</h2>
C:\work\ROS\STM32_Mag_Nav\USER\USART.uvprojx
Project File Date:  07/19/2017

<h2>Output:</h2>
*** Using Compiler 'V5.06 update 3 (build 300)', folder: 'C:\Keil_v5\ARM\ARMCC\Bin'
Rebuild target 'USART'
compiling stm32f10x_it.c...
compiling system_stm32f10x.c...
compiling main.c...
main.c(60): warning:  #177-D: variable "len" was declared but never referenced
  	u16 len;	
main.c(61): warning:  #177-D: variable "times" was declared but never referenced
  	u16 times=0;
main.c: 2 warnings, 0 errors
compiling led.c...
compiling key.c...
compiling timer.c...
..\HARDWARE\TIMER\timer.c(184): warning:  #177-D: variable "txBufferSize" was declared but never referenced
      u8 txBufferSize;
..\HARDWARE\TIMER\timer.c(186): warning:  #550-D: variable "totalGreenLight" was set but never used
      u8 totalGreenLight = 0;
..\HARDWARE\TIMER\timer.c(193): warning:  #550-D: variable "backwardStatusCode" was set but never used
      u8 backwardStatusCode = 0;
..\HARDWARE\TIMER\timer.c: 3 warnings, 0 errors
compiling motor.c...
compiling encoder.c...
compiling lcd.c...
compiling sensor.c...
..\HARDWARE\MAGSENSOR\sensor.c(17): warning:  #177-D: variable "i" was declared but never referenced
      u8 i;
..\HARDWARE\MAGSENSOR\sensor.c: 1 warning, 0 errors
compiling delay.c...
compiling sys.c...
compiling usart.c...
compiling tools.c...
..\SYSTEM\sys\tools.c(97): warning:  #177-D: variable "tempLong" was declared but never referenced
      long long tempLong;
..\SYSTEM\sys\tools.c(98): warning:  #177-D: variable "tempCounter" was declared but never referenced
      long long tempCounter;
..\SYSTEM\sys\tools.c(316): warning:  #177-D: variable "a" was declared but never referenced
      u8 a;
..\SYSTEM\sys\tools.c(321): warning:  #550-D: variable "ifHasStableStatus" was set but never used
      u8 ifHasStableStatus = 0 ;
..\SYSTEM\sys\tools.c(323): warning:  #550-D: variable "statusQuo" was set but never used
      u8 statusQuo = 0;
..\SYSTEM\sys\tools.c: 5 warnings, 0 errors
assembling startup_stm32f10x_hd.s...
compiling core_cm3.c...
compiling exti.c...
compiling misc.c...
compiling stm32f10x_gpio.c...
compiling stm32f10x_rcc.c...
compiling stm32f10x_usart.c...
compiling stm32f10x_tim.c...
compiling stm32f10x_fsmc.c...
compiling stm32f10x_spi.c...
compiling stm32f10x_exti.c...
linking...
Program Size: Code=20700 RO-data=492 RW-data=180 ZI-data=1988  
FromELF: creating hex file...
"..\OBJ\MotorDriver.axf" - 0 Error(s), 11 Warning(s).

<h2>Collection of Component include folders:</h2>
  C:\work\ROS\STM32_Mag_Nav\USER\RTE
  C:\Keil_v5\ARM\PACK\Keil\STM32F1xx_DFP\1.0.5\Device\Include

<h2>Collection of Component Files used:</h2>
Build Time Elapsed:  00:00:06
</pre>
</body>
</html>
